Archive member included to satisfy reference by file (symbol)

c:/st/stm32cubeide_1.3.0/stm32cubeide/plugins/com.st.stm32cube.ide.mcu.externaltools.gnu-tools-for-stm32.7-2018-q2-update.win32_1.0.0.201904181610/tools/bin/../lib/gcc/arm-none-eabi/7.3.1/../../../../arm-none-eabi/lib/thumb/v7-m\libc_nano.a(lib_a-errno.o)
                              Core/Src/syscalls.o (__errno)
c:/st/stm32cubeide_1.3.0/stm32cubeide/plugins/com.st.stm32cube.ide.mcu.externaltools.gnu-tools-for-stm32.7-2018-q2-update.win32_1.0.0.201904181610/tools/bin/../lib/gcc/arm-none-eabi/7.3.1/../../../../arm-none-eabi/lib/thumb/v7-m\libc_nano.a(lib_a-exit.o)
                              c:/st/stm32cubeide_1.3.0/stm32cubeide/plugins/com.st.stm32cube.ide.mcu.externaltools.gnu-tools-for-stm32.7-2018-q2-update.win32_1.0.0.201904181610/tools/bin/../lib/gcc/arm-none-eabi/7.3.1/../../../../arm-none-eabi/lib/thumb/v7-m/crt0.o (exit)
c:/st/stm32cubeide_1.3.0/stm32cubeide/plugins/com.st.stm32cube.ide.mcu.externaltools.gnu-tools-for-stm32.7-2018-q2-update.win32_1.0.0.201904181610/tools/bin/../lib/gcc/arm-none-eabi/7.3.1/../../../../arm-none-eabi/lib/thumb/v7-m\libc_nano.a(lib_a-impure.o)
                              c:/st/stm32cubeide_1.3.0/stm32cubeide/plugins/com.st.stm32cube.ide.mcu.externaltools.gnu-tools-for-stm32.7-2018-q2-update.win32_1.0.0.201904181610/tools/bin/../lib/gcc/arm-none-eabi/7.3.1/../../../../arm-none-eabi/lib/thumb/v7-m\libc_nano.a(lib_a-exit.o) (_global_impure_ptr)
c:/st/stm32cubeide_1.3.0/stm32cubeide/plugins/com.st.stm32cube.ide.mcu.externaltools.gnu-tools-for-stm32.7-2018-q2-update.win32_1.0.0.201904181610/tools/bin/../lib/gcc/arm-none-eabi/7.3.1/../../../../arm-none-eabi/lib/thumb/v7-m\libc_nano.a(lib_a-init.o)
                              c:/st/stm32cubeide_1.3.0/stm32cubeide/plugins/com.st.stm32cube.ide.mcu.externaltools.gnu-tools-for-stm32.7-2018-q2-update.win32_1.0.0.201904181610/tools/bin/../lib/gcc/arm-none-eabi/7.3.1/../../../../arm-none-eabi/lib/thumb/v7-m/crt0.o (__libc_init_array)
c:/st/stm32cubeide_1.3.0/stm32cubeide/plugins/com.st.stm32cube.ide.mcu.externaltools.gnu-tools-for-stm32.7-2018-q2-update.win32_1.0.0.201904181610/tools/bin/../lib/gcc/arm-none-eabi/7.3.1/../../../../arm-none-eabi/lib/thumb/v7-m\libc_nano.a(lib_a-memset.o)
                              c:/st/stm32cubeide_1.3.0/stm32cubeide/plugins/com.st.stm32cube.ide.mcu.externaltools.gnu-tools-for-stm32.7-2018-q2-update.win32_1.0.0.201904181610/tools/bin/../lib/gcc/arm-none-eabi/7.3.1/../../../../arm-none-eabi/lib/thumb/v7-m/crt0.o (memset)

Allocating common symbols
Common symbol       size              file

hcan                0x28              Core/Src/main.o
uwTick              0x4               Drivers/STM32F1xx_HAL_Driver/Src/stm32f1xx_hal.o
pFlash              0x20              Drivers/STM32F1xx_HAL_Driver/Src/stm32f1xx_hal_flash.o
htim3               0x40              Core/Src/main.o
htim1               0x40              Core/Src/main.o
hdma_memtomem_dma1_channel1
                    0x44              Core/Src/main.o
htim2               0x40              Core/Src/main.o

Discarded input sections

 .text          0x0000000000000000        0x0 c:/st/stm32cubeide_1.3.0/stm32cubeide/plugins/com.st.stm32cube.ide.mcu.externaltools.gnu-tools-for-stm32.7-2018-q2-update.win32_1.0.0.201904181610/tools/bin/../lib/gcc/arm-none-eabi/7.3.1/thumb/v7-m/crti.o
 .data          0x0000000000000000        0x0 c:/st/stm32cubeide_1.3.0/stm32cubeide/plugins/com.st.stm32cube.ide.mcu.externaltools.gnu-tools-for-stm32.7-2018-q2-update.win32_1.0.0.201904181610/tools/bin/../lib/gcc/arm-none-eabi/7.3.1/thumb/v7-m/crti.o
 .bss           0x0000000000000000        0x0 c:/st/stm32cubeide_1.3.0/stm32cubeide/plugins/com.st.stm32cube.ide.mcu.externaltools.gnu-tools-for-stm32.7-2018-q2-update.win32_1.0.0.201904181610/tools/bin/../lib/gcc/arm-none-eabi/7.3.1/thumb/v7-m/crti.o
 .data          0x0000000000000000        0x4 c:/st/stm32cubeide_1.3.0/stm32cubeide/plugins/com.st.stm32cube.ide.mcu.externaltools.gnu-tools-for-stm32.7-2018-q2-update.win32_1.0.0.201904181610/tools/bin/../lib/gcc/arm-none-eabi/7.3.1/thumb/v7-m/crtbegin.o
 .text          0x0000000000000000       0x74 c:/st/stm32cubeide_1.3.0/stm32cubeide/plugins/com.st.stm32cube.ide.mcu.externaltools.gnu-tools-for-stm32.7-2018-q2-update.win32_1.0.0.201904181610/tools/bin/../lib/gcc/arm-none-eabi/7.3.1/../../../../arm-none-eabi/lib/thumb/v7-m/crt0.o
 .data          0x0000000000000000        0x0 c:/st/stm32cubeide_1.3.0/stm32cubeide/plugins/com.st.stm32cube.ide.mcu.externaltools.gnu-tools-for-stm32.7-2018-q2-update.win32_1.0.0.201904181610/tools/bin/../lib/gcc/arm-none-eabi/7.3.1/../../../../arm-none-eabi/lib/thumb/v7-m/crt0.o
 .bss           0x0000000000000000        0x0 c:/st/stm32cubeide_1.3.0/stm32cubeide/plugins/com.st.stm32cube.ide.mcu.externaltools.gnu-tools-for-stm32.7-2018-q2-update.win32_1.0.0.201904181610/tools/bin/../lib/gcc/arm-none-eabi/7.3.1/../../../../arm-none-eabi/lib/thumb/v7-m/crt0.o
[...]
Memory Configuration

Name             Origin             Length             Attributes
RAM              0x0000000020000000 0x0000000000005000 xrw
FLASH            0x0000000008000000 0x0000000000020000 xr
*default*        0x0000000000000000 0xffffffffffffffff

Linker script and memory map

LOAD c:/st/stm32cubeide_1.3.0/stm32cubeide/plugins/com.st.stm32cube.ide.mcu.externaltools.gnu-tools-for-stm32.7-2018-q2-update.win32_1.0.0.201904181610/tools/bin/../lib/gcc/arm-none-eabi/7.3.1/thumb/v7-m/crti.o
LOAD c:/st/stm32cubeide_1.3.0/stm32cubeide/plugins/com.st.stm32cube.ide.mcu.externaltools.gnu-tools-for-stm32.7-2018-q2-update.win32_1.0.0.201904181610/tools/bin/../lib/gcc/arm-none-eabi/7.3.1/thumb/v7-m/crtbegin.o
LOAD c:/st/stm32cubeide_1.3.0/stm32cubeide/plugins/com.st.stm32cube.ide.mcu.externaltools.gnu-tools-for-stm32.7-2018-q2-update.win32_1.0.0.201904181610/tools/bin/../lib/gcc/arm-none-eabi/7.3.1/../../../../arm-none-eabi/lib/thumb/v7-m/crt0.o
LOAD Core/Src/main.o
LOAD Core/Src/stm32f1xx_hal_msp.o
LOAD Core/Src/stm32f1xx_it.o
LOAD Core/Src/syscalls.o
LOAD Core/Src/sysmem.o
LOAD Core/Src/system_stm32f1xx.o
LOAD Core/Startup/startup_stm32f103rbtx.o
LOAD Drivers/STM32F1xx_HAL_Driver/Src/stm32f1xx_hal.o
LOAD Drivers/STM32F1xx_HAL_Driver/Src/stm32f1xx_hal_can.o
LOAD Drivers/STM32F1xx_HAL_Driver/Src/stm32f1xx_hal_cortex.o
LOAD Drivers/STM32F1xx_HAL_Driver/Src/stm32f1xx_hal_dma.o
LOAD Drivers/STM32F1xx_HAL_Driver/Src/stm32f1xx_hal_exti.o
LOAD Drivers/STM32F1xx_HAL_Driver/Src/stm32f1xx_hal_flash.o
LOAD Drivers/STM32F1xx_HAL_Driver/Src/stm32f1xx_hal_flash_ex.o
LOAD Drivers/STM32F1xx_HAL_Driver/Src/stm32f1xx_hal_gpio.o
LOAD Drivers/STM32F1xx_HAL_Driver/Src/stm32f1xx_hal_gpio_ex.o
LOAD Drivers/STM32F1xx_HAL_Driver/Src/stm32f1xx_hal_pwr.o
LOAD Drivers/STM32F1xx_HAL_Driver/Src/stm32f1xx_hal_rcc.o
LOAD Drivers/STM32F1xx_HAL_Driver/Src/stm32f1xx_hal_rcc_ex.o
LOAD Drivers/STM32F1xx_HAL_Driver/Src/stm32f1xx_hal_tim.o
LOAD Drivers/STM32F1xx_HAL_Driver/Src/stm32f1xx_hal_tim_ex.o
START GROUP
LOAD c:/st/stm32cubeide_1.3.0/stm32cubeide/plugins/com.st.stm32cube.ide.mcu.externaltools.gnu-tools-for-stm32.7-2018-q2-update.win32_1.0.0.201904181610/tools/bin/../lib/gcc/arm-none-eabi/7.3.1/../../../../arm-none-eabi/lib/thumb/v7-m\libc_nano.a
LOAD c:/st/stm32cubeide_1.3.0/stm32cubeide/plugins/com.st.stm32cube.ide.mcu.externaltools.gnu-tools-for-stm32.7-2018-q2-update.win32_1.0.0.201904181610/tools/bin/../lib/gcc/arm-none-eabi/7.3.1/../../../../arm-none-eabi/lib/thumb/v7-m\libm.a
END GROUP
START GROUP
LOAD c:/st/stm32cubeide_1.3.0/stm32cubeide/plugins/com.st.stm32cube.ide.mcu.externaltools.gnu-tools-for-stm32.7-2018-q2-update.win32_1.0.0.201904181610/tools/bin/../lib/gcc/arm-none-eabi/7.3.1/thumb/v7-m\libgcc.a
LOAD c:/st/stm32cubeide_1.3.0/stm32cubeide/plugins/com.st.stm32cube.ide.mcu.externaltools.gnu-tools-for-stm32.7-2018-q2-update.win32_1.0.0.201904181610/tools/bin/../lib/gcc/arm-none-eabi/7.3.1/../../../../arm-none-eabi/lib/thumb/v7-m\libc_nano.a
END GROUP
START GROUP
LOAD c:/st/stm32cubeide_1.3.0/stm32cubeide/plugins/com.st.stm32cube.ide.mcu.externaltools.gnu-tools-for-stm32.7-2018-q2-update.win32_1.0.0.201904181610/tools/bin/../lib/gcc/arm-none-eabi/7.3.1/thumb/v7-m\libgcc.a
LOAD c:/st/stm32cubeide_1.3.0/stm32cubeide/plugins/com.st.stm32cube.ide.mcu.externaltools.gnu-tools-for-stm32.7-2018-q2-update.win32_1.0.0.201904181610/tools/bin/../lib/gcc/arm-none-eabi/7.3.1/../../../../arm-none-eabi/lib/thumb/v7-m\libc_nano.a
LOAD c:/st/stm32cubeide_1.3.0/stm32cubeide/plugins/com.st.stm32cube.ide.mcu.externaltools.gnu-tools-for-stm32.7-2018-q2-update.win32_1.0.0.201904181610/tools/bin/../lib/gcc/arm-none-eabi/7.3.1/../../../../arm-none-eabi/lib/thumb/v7-m\libnosys.a
END GROUP
START GROUP
LOAD c:/st/stm32cubeide_1.3.0/stm32cubeide/plugins/com.st.stm32cube.ide.mcu.externaltools.gnu-tools-for-stm32.7-2018-q2-update.win32_1.0.0.201904181610/tools/bin/../lib/gcc/arm-none-eabi/7.3.1/thumb/v7-m\libgcc.a
LOAD c:/st/stm32cubeide_1.3.0/stm32cubeide/plugins/com.st.stm32cube.ide.mcu.externaltools.gnu-tools-for-stm32.7-2018-q2-update.win32_1.0.0.201904181610/tools/bin/../lib/gcc/arm-none-eabi/7.3.1/../../../../arm-none-eabi/lib/thumb/v7-m\libc_nano.a
LOAD c:/st/stm32cubeide_1.3.0/stm32cubeide/plugins/com.st.stm32cube.ide.mcu.externaltools.gnu-tools-for-stm32.7-2018-q2-update.win32_1.0.0.201904181610/tools/bin/../lib/gcc/arm-none-eabi/7.3.1/../../../../arm-none-eabi/lib/thumb/v7-m\libnosys.a
END GROUP
LOAD c:/st/stm32cubeide_1.3.0/stm32cubeide/plugins/com.st.stm32cube.ide.mcu.externaltools.gnu-tools-for-stm32.7-2018-q2-update.win32_1.0.0.201904181610/tools/bin/../lib/gcc/arm-none-eabi/7.3.1/thumb/v7-m/crtend.o
LOAD c:/st/stm32cubeide_1.3.0/stm32cubeide/plugins/com.st.stm32cube.ide.mcu.externaltools.gnu-tools-for-stm32.7-2018-q2-update.win32_1.0.0.201904181610/tools/bin/../lib/gcc/arm-none-eabi/7.3.1/thumb/v7-m/crtn.o
                0x0000000020005000                _estack = (ORIGIN (RAM) + LENGTH (RAM))
                0x0000000000000200                _Min_Heap_Size = 0x200
                0x0000000000000400                _Min_Stack_Size = 0x400

.isr_vector     0x0000000008000000      0x10c
                0x0000000008000000                . = ALIGN (0x4)
 *(.isr_vector)
 .isr_vector    0x0000000008000000      0x10c Core/Startup/startup_stm32f103rbtx.o
                0x0000000008000000                g_pfnVectors
                0x000000000800010c                . = ALIGN (0x4)

.text           0x000000000800010c     0x236c
                0x000000000800010c                . = ALIGN (0x4)
 *(.text)
 .text          0x000000000800010c       0x40 c:/st/stm32cubeide_1.3.0/stm32cubeide/plugins/com.st.stm32cube.ide.mcu.externaltools.gnu-tools-for-stm32.7-2018-q2-update.win32_1.0.0.201904181610/tools/bin/../lib/gcc/arm-none-eabi/7.3.1/thumb/v7-m/crtbegin.o
 *(.text*)
 .text.main     0x000000000800014c       0x5c Core/Src/main.o
                0x000000000800014c                main
 .text.SystemClock_Config
                0x00000000080001a8       0x76 Core/Src/main.o
                0x00000000080001a8                SystemClock_Config
 *fill*         0x000000000800021e        0x2 
 .text.MX_CAN_Init
                0x0000000008000220       0x68 Core/Src/main.o
 .text.MX_TIM1_Init
                0x0000000008000288       0xa0 Core/Src/main.o
 .text.MX_TIM2_Init
                0x0000000008000328       0xec Core/Src/main.o
 .text.MX_TIM3_Init
                0x0000000008000414       0xf0 Core/Src/main.o
 .text.MX_DMA_Init
                0x0000000008000504       0x74 Core/Src/main.o
 .text.MX_GPIO_Init
                0x0000000008000578      0x108 Core/Src/main.o
 .text.Error_Handler
                0x0000000008000680        0xc Core/Src/main.o
                0x0000000008000680                Error_Handler
 .text.HAL_MspInit
                0x000000000800068c       0x64 Core/Src/stm32f1xx_hal_msp.o
                0x000000000800068c                HAL_MspInit
 .text.HAL_CAN_MspInit
                0x00000000080006f0       0x98 Core/Src/stm32f1xx_hal_msp.o
                0x00000000080006f0                HAL_CAN_MspInit
 .text.HAL_TIM_Base_MspInit
                0x0000000008000788       0xc8 Core/Src/stm32f1xx_hal_msp.o
                0x0000000008000788                HAL_TIM_Base_MspInit
 .text.HAL_TIM_MspPostInit
                0x0000000008000850       0xd0 Core/Src/stm32f1xx_hal_msp.o
                0x0000000008000850                HAL_TIM_MspPostInit
 .text.NMI_Handler
                0x0000000008000920        0xc Core/Src/stm32f1xx_it.o
                0x0000000008000920                NMI_Handler
 .text.HardFault_Handler
                0x000000000800092c        0x6 Core/Src/stm32f1xx_it.o
                0x000000000800092c                HardFault_Handler
 .text.MemManage_Handler
                0x0000000008000932        0x6 Core/Src/stm32f1xx_it.o
                0x0000000008000932                MemManage_Handler
 .text.BusFault_Handler
                0x0000000008000938        0x6 Core/Src/stm32f1xx_it.o
                0x0000000008000938                BusFault_Handler
 .text.UsageFault_Handler
                0x000000000800093e        0x6 Core/Src/stm32f1xx_it.o
                0x000000000800093e                UsageFault_Handler
 .text.SVC_Handler
                0x0000000008000944        0xc Core/Src/stm32f1xx_it.o
                0x0000000008000944                SVC_Handler
 .text.DebugMon_Handler
                0x0000000008000950        0xc Core/Src/stm32f1xx_it.o
                0x0000000008000950                DebugMon_Handler
 .text.PendSV_Handler
                0x000000000800095c        0xc Core/Src/stm32f1xx_it.o
                0x000000000800095c                PendSV_Handler
 .text.SysTick_Handler
                0x0000000008000968        0xc Core/Src/stm32f1xx_it.o
                0x0000000008000968                SysTick_Handler
 .text.SystemInit
                0x0000000008000974       0x68 Core/Src/system_stm32f1xx.o
                0x0000000008000974                SystemInit
 .text.Reset_Handler
                0x00000000080009dc       0x48 Core/Startup/startup_stm32f103rbtx.o
                0x00000000080009dc                Reset_Handler
 .text.Default_Handler
                0x0000000008000a24        0x2 Core/Startup/startup_stm32f103rbtx.o
                0x0000000008000a24                RTC_Alarm_IRQHandler
                0x0000000008000a24                EXTI2_IRQHandler
                0x0000000008000a24                TIM1_CC_IRQHandler
                0x0000000008000a24                PVD_IRQHandler
                0x0000000008000a24                EXTI3_IRQHandler
                0x0000000008000a24                EXTI0_IRQHandler
                0x0000000008000a24                I2C2_EV_IRQHandler
                0x0000000008000a24                ADC1_2_IRQHandler
                0x0000000008000a24                SPI1_IRQHandler
                0x0000000008000a24                TAMPER_IRQHandler
                0x0000000008000a24                DMA1_Channel4_IRQHandler
                0x0000000008000a24                USART3_IRQHandler
                0x0000000008000a24                RTC_IRQHandler
                0x0000000008000a24                DMA1_Channel7_IRQHandler
                0x0000000008000a24                CAN1_RX1_IRQHandler
                0x0000000008000a24                TIM4_IRQHandler
                0x0000000008000a24                I2C1_EV_IRQHandler
                0x0000000008000a24                DMA1_Channel6_IRQHandler
                0x0000000008000a24                TIM3_IRQHandler
                0x0000000008000a24                RCC_IRQHandler
                0x0000000008000a24                TIM1_TRG_COM_IRQHandler
                0x0000000008000a24                DMA1_Channel1_IRQHandler
                0x0000000008000a24                Default_Handler
                0x0000000008000a24                EXTI15_10_IRQHandler
                0x0000000008000a24                EXTI9_5_IRQHandler
                0x0000000008000a24                SPI2_IRQHandler
                0x0000000008000a24                DMA1_Channel5_IRQHandler
                0x0000000008000a24                EXTI4_IRQHandler
                0x0000000008000a24                USB_LP_CAN1_RX0_IRQHandler
                0x0000000008000a24                USB_HP_CAN1_TX_IRQHandler
                0x0000000008000a24                DMA1_Channel3_IRQHandler
                0x0000000008000a24                TIM1_UP_IRQHandler
                0x0000000008000a24                WWDG_IRQHandler
                0x0000000008000a24                TIM2_IRQHandler
                0x0000000008000a24                TIM1_BRK_IRQHandler
                0x0000000008000a24                EXTI1_IRQHandler
                0x0000000008000a24                USART2_IRQHandler
                0x0000000008000a24                I2C2_ER_IRQHandler
                0x0000000008000a24                DMA1_Channel2_IRQHandler
                0x0000000008000a24                CAN1_SCE_IRQHandler
                0x0000000008000a24                FLASH_IRQHandler
                0x0000000008000a24                USART1_IRQHandler
                0x0000000008000a24                I2C1_ER_IRQHandler
                0x0000000008000a24                USBWakeUp_IRQHandler
 *fill*         0x0000000008000a26        0x2 
 .text.HAL_Init
                0x0000000008000a28       0x2c Drivers/STM32F1xx_HAL_Driver/Src/stm32f1xx_hal.o
                0x0000000008000a28                HAL_Init
 .text.HAL_InitTick
                0x0000000008000a54       0x60 Drivers/STM32F1xx_HAL_Driver/Src/stm32f1xx_hal.o
                0x0000000008000a54                HAL_InitTick
 .text.HAL_IncTick
                0x0000000008000ab4       0x24 Drivers/STM32F1xx_HAL_Driver/Src/stm32f1xx_hal.o
                0x0000000008000ab4                HAL_IncTick
 .text.HAL_GetTick
                0x0000000008000ad8       0x14 Drivers/STM32F1xx_HAL_Driver/Src/stm32f1xx_hal.o
                0x0000000008000ad8                HAL_GetTick
 .text.HAL_CAN_Init
                0x0000000008000aec      0x1f6 Drivers/STM32F1xx_HAL_Driver/Src/stm32f1xx_hal_can.o
                0x0000000008000aec                HAL_CAN_Init
 *fill*         0x0000000008000ce2        0x2 
 .text.__NVIC_SetPriorityGrouping
                0x0000000008000ce4       0x48 Drivers/STM32F1xx_HAL_Driver/Src/stm32f1xx_hal_cortex.o
 .text.__NVIC_GetPriorityGrouping
                0x0000000008000d2c       0x1c Drivers/STM32F1xx_HAL_Driver/Src/stm32f1xx_hal_cortex.o
 .text.__NVIC_SetPriority
                0x0000000008000d48       0x54 Drivers/STM32F1xx_HAL_Driver/Src/stm32f1xx_hal_cortex.o
 .text.NVIC_EncodePriority
                0x0000000008000d9c       0x64 Drivers/STM32F1xx_HAL_Driver/Src/stm32f1xx_hal_cortex.o
 .text.SysTick_Config
                0x0000000008000e00       0x44 Drivers/STM32F1xx_HAL_Driver/Src/stm32f1xx_hal_cortex.o
 .text.HAL_NVIC_SetPriorityGrouping
                0x0000000008000e44       0x16 Drivers/STM32F1xx_HAL_Driver/Src/stm32f1xx_hal_cortex.o
                0x0000000008000e44                HAL_NVIC_SetPriorityGrouping
 .text.HAL_NVIC_SetPriority
                0x0000000008000e5a       0x38 Drivers/STM32F1xx_HAL_Driver/Src/stm32f1xx_hal_cortex.o
                0x0000000008000e5a                HAL_NVIC_SetPriority
 .text.HAL_SYSTICK_Config
                0x0000000008000e92       0x18 Drivers/STM32F1xx_HAL_Driver/Src/stm32f1xx_hal_cortex.o
                0x0000000008000e92                HAL_SYSTICK_Config
 *fill*         0x0000000008000eaa        0x2 
 .text.HAL_DMA_Init
                0x0000000008000eac       0xb4 Drivers/STM32F1xx_HAL_Driver/Src/stm32f1xx_hal_dma.o
                0x0000000008000eac                HAL_DMA_Init
 .text.HAL_GPIO_Init
                0x0000000008000f60      0x2b4 Drivers/STM32F1xx_HAL_Driver/Src/stm32f1xx_hal_gpio.o
                0x0000000008000f60                HAL_GPIO_Init
 .text.HAL_GPIO_WritePin
                0x0000000008001214       0x30 Drivers/STM32F1xx_HAL_Driver/Src/stm32f1xx_hal_gpio.o
                0x0000000008001214                HAL_GPIO_WritePin
 .text.HAL_RCC_OscConfig
                0x0000000008001244      0x500 Drivers/STM32F1xx_HAL_Driver/Src/stm32f1xx_hal_rcc.o
                0x0000000008001244                HAL_RCC_OscConfig
 .text.HAL_RCC_ClockConfig
                0x0000000008001744      0x1d4 Drivers/STM32F1xx_HAL_Driver/Src/stm32f1xx_hal_rcc.o
                0x0000000008001744                HAL_RCC_ClockConfig
 .text.HAL_RCC_GetSysClockFreq
                0x0000000008001918       0xc4 Drivers/STM32F1xx_HAL_Driver/Src/stm32f1xx_hal_rcc.o
                0x0000000008001918                HAL_RCC_GetSysClockFreq
 .text.RCC_Delay
                0x00000000080019dc       0x3c Drivers/STM32F1xx_HAL_Driver/Src/stm32f1xx_hal_rcc.o
 .text.HAL_TIM_Base_Init
                0x0000000008001a18       0x56 Drivers/STM32F1xx_HAL_Driver/Src/stm32f1xx_hal_tim.o
                0x0000000008001a18                HAL_TIM_Base_Init
 .text.HAL_TIM_PWM_Init
                0x0000000008001a6e       0x56 Drivers/STM32F1xx_HAL_Driver/Src/stm32f1xx_hal_tim.o
                0x0000000008001a6e                HAL_TIM_PWM_Init
 .text.HAL_TIM_PWM_MspInit
                0x0000000008001ac4       0x12 Drivers/STM32F1xx_HAL_Driver/Src/stm32f1xx_hal_tim.o
                0x0000000008001ac4                HAL_TIM_PWM_MspInit
 *fill*         0x0000000008001ad6        0x2 
 .text.HAL_TIM_PWM_Start
                0x0000000008001ad8       0x64 Drivers/STM32F1xx_HAL_Driver/Src/stm32f1xx_hal_tim.o
                0x0000000008001ad8                HAL_TIM_PWM_Start
 .text.HAL_TIM_PWM_ConfigChannel
                0x0000000008001b3c      0x18c Drivers/STM32F1xx_HAL_Driver/Src/stm32f1xx_hal_tim.o
                0x0000000008001b3c                HAL_TIM_PWM_ConfigChannel
 .text.HAL_TIM_ConfigClockSource
                0x0000000008001cc8      0x16e Drivers/STM32F1xx_HAL_Driver/Src/stm32f1xx_hal_tim.o
                0x0000000008001cc8                HAL_TIM_ConfigClockSource
 *fill*         0x0000000008001e36        0x2 
 .text.TIM_Base_SetConfig
                0x0000000008001e38       0xc4 Drivers/STM32F1xx_HAL_Driver/Src/stm32f1xx_hal_tim.o
                0x0000000008001e38                TIM_Base_SetConfig
 .text.TIM_OC1_SetConfig
                0x0000000008001efc       0xcc Drivers/STM32F1xx_HAL_Driver/Src/stm32f1xx_hal_tim.o
 .text.TIM_OC2_SetConfig
                0x0000000008001fc8       0xd4 Drivers/STM32F1xx_HAL_Driver/Src/stm32f1xx_hal_tim.o
                0x0000000008001fc8                TIM_OC2_SetConfig
 .text.TIM_OC3_SetConfig
                0x000000000800209c       0xd4 Drivers/STM32F1xx_HAL_Driver/Src/stm32f1xx_hal_tim.o
 .text.TIM_OC4_SetConfig
                0x0000000008002170       0x9c Drivers/STM32F1xx_HAL_Driver/Src/stm32f1xx_hal_tim.o
 .text.TIM_TI1_ConfigInputStage
                0x000000000800220c       0x5c Drivers/STM32F1xx_HAL_Driver/Src/stm32f1xx_hal_tim.o
 .text.TIM_TI2_ConfigInputStage
                0x0000000008002268       0x5e Drivers/STM32F1xx_HAL_Driver/Src/stm32f1xx_hal_tim.o
 .text.TIM_ITRx_SetConfig
                0x00000000080022c6       0x34 Drivers/STM32F1xx_HAL_Driver/Src/stm32f1xx_hal_tim.o
 .text.TIM_ETR_SetConfig
                0x00000000080022fa       0x3e Drivers/STM32F1xx_HAL_Driver/Src/stm32f1xx_hal_tim.o
                0x00000000080022fa                TIM_ETR_SetConfig
 .text.TIM_CCxChannelCmd
                0x0000000008002338       0x48 Drivers/STM32F1xx_HAL_Driver/Src/stm32f1xx_hal_tim.o
                0x0000000008002338                TIM_CCxChannelCmd
 .text.HAL_TIMEx_MasterConfigSynchronization
                0x0000000008002380       0x88 Drivers/STM32F1xx_HAL_Driver/Src/stm32f1xx_hal_tim_ex.o
                0x0000000008002380                HAL_TIMEx_MasterConfigSynchronization
 .text.__libc_init_array
                0x0000000008002408       0x48 c:/st/stm32cubeide_1.3.0/stm32cubeide/plugins/com.st.stm32cube.ide.mcu.externaltools.gnu-tools-for-stm32.7-2018-q2-update.win32_1.0.0.201904181610/tools/bin/../lib/gcc/arm-none-eabi/7.3.1/../../../../arm-none-eabi/lib/thumb/v7-m\libc_nano.a(lib_a-init.o)
                0x0000000008002408                __libc_init_array
 .text.memset   0x0000000008002450       0x10 c:/st/stm32cubeide_1.3.0/stm32cubeide/plugins/com.st.stm32cube.ide.mcu.externaltools.gnu-tools-for-stm32.7-2018-q2-update.win32_1.0.0.201904181610/tools/bin/../lib/gcc/arm-none-eabi/7.3.1/../../../../arm-none-eabi/lib/thumb/v7-m\libc_nano.a(lib_a-memset.o)
                0x0000000008002450                memset
 *(.glue_7)
 .glue_7        0x0000000008002460        0x0 linker stubs
 *(.glue_7t)
 .glue_7t       0x0000000008002460        0x0 linker stubs
 *(.eh_frame)
 .eh_frame      0x0000000008002460        0x0 c:/st/stm32cubeide_1.3.0/stm32cubeide/plugins/com.st.stm32cube.ide.mcu.externaltools.gnu-tools-for-stm32.7-2018-q2-update.win32_1.0.0.201904181610/tools/bin/../lib/gcc/arm-none-eabi/7.3.1/thumb/v7-m/crtbegin.o
 *(.init)
 .init          0x0000000008002460        0x4 c:/st/stm32cubeide_1.3.0/stm32cubeide/plugins/com.st.stm32cube.ide.mcu.externaltools.gnu-tools-for-stm32.7-2018-q2-update.win32_1.0.0.201904181610/tools/bin/../lib/gcc/arm-none-eabi/7.3.1/thumb/v7-m/crti.o
                0x0000000008002460                _init
 .init          0x0000000008002464        0x8 c:/st/stm32cubeide_1.3.0/stm32cubeide/plugins/com.st.stm32cube.ide.mcu.externaltools.gnu-tools-for-stm32.7-2018-q2-update.win32_1.0.0.201904181610/tools/bin/../lib/gcc/arm-none-eabi/7.3.1/thumb/v7-m/crtn.o
 *(.fini)
 .fini          0x000000000800246c        0x4 c:/st/stm32cubeide_1.3.0/stm32cubeide/plugins/com.st.stm32cube.ide.mcu.externaltools.gnu-tools-for-stm32.7-2018-q2-update.win32_1.0.0.201904181610/tools/bin/../lib/gcc/arm-none-eabi/7.3.1/thumb/v7-m/crti.o
                0x000000000800246c                _fini
 .fini          0x0000000008002470        0x8 c:/st/stm32cubeide_1.3.0/stm32cubeide/plugins/com.st.stm32cube.ide.mcu.externaltools.gnu-tools-for-stm32.7-2018-q2-update.win32_1.0.0.201904181610/tools/bin/../lib/gcc/arm-none-eabi/7.3.1/thumb/v7-m/crtn.o
                0x0000000008002478                . = ALIGN (0x4)
                0x0000000008002478                _etext = .

.vfp11_veneer   0x0000000008002478        0x0
 .vfp11_veneer  0x0000000008002478        0x0 linker stubs

.v4_bx          0x0000000008002478        0x0
 .v4_bx         0x0000000008002478        0x0 linker stubs

.iplt           0x0000000008002478        0x0
 .iplt          0x0000000008002478        0x0 c:/st/stm32cubeide_1.3.0/stm32cubeide/plugins/com.st.stm32cube.ide.mcu.externaltools.gnu-tools-for-stm32.7-2018-q2-update.win32_1.0.0.201904181610/tools/bin/../lib/gcc/arm-none-eabi/7.3.1/thumb/v7-m/crtbegin.o

.rodata         0x0000000008002478       0x24
                0x0000000008002478                . = ALIGN (0x4)
 *(.rodata)
 .rodata        0x0000000008002478       0x12 Drivers/STM32F1xx_HAL_Driver/Src/stm32f1xx_hal_rcc.o
 *(.rodata*)
 *fill*         0x000000000800248a        0x2 
 .rodata.AHBPrescTable
                0x000000000800248c       0x10 Core/Src/system_stm32f1xx.o
                0x000000000800248c                AHBPrescTable
                0x000000000800249c                . = ALIGN (0x4)

.rel.dyn        0x000000000800249c        0x0
 .rel.iplt      0x000000000800249c        0x0 c:/st/stm32cubeide_1.3.0/stm32cubeide/plugins/com.st.stm32cube.ide.mcu.externaltools.gnu-tools-for-stm32.7-2018-q2-update.win32_1.0.0.201904181610/tools/bin/../lib/gcc/arm-none-eabi/7.3.1/thumb/v7-m/crtbegin.o

.ARM.extab      0x000000000800249c        0x0
                0x000000000800249c                . = ALIGN (0x4)
 *(.ARM.extab* .gnu.linkonce.armextab.*)
                0x000000000800249c                . = ALIGN (0x4)

.ARM            0x000000000800249c        0x0
                0x000000000800249c                . = ALIGN (0x4)
                0x000000000800249c                __exidx_start = .
 *(.ARM.exidx*)
                0x000000000800249c                __exidx_end = .
                0x000000000800249c                . = ALIGN (0x4)

.preinit_array  0x000000000800249c        0x0
                0x000000000800249c                . = ALIGN (0x4)
                0x000000000800249c                PROVIDE (__preinit_array_start = .)
 *(.preinit_array*)
                0x000000000800249c                PROVIDE (__preinit_array_end = .)
                0x000000000800249c                . = ALIGN (0x4)

.init_array     0x000000000800249c        0x4
                0x000000000800249c                . = ALIGN (0x4)
                0x000000000800249c                PROVIDE (__init_array_start = .)
 *(SORT_BY_NAME(.init_array.*))
 *(.init_array*)
 .init_array    0x000000000800249c        0x4 c:/st/stm32cubeide_1.3.0/stm32cubeide/plugins/com.st.stm32cube.ide.mcu.externaltools.gnu-tools-for-stm32.7-2018-q2-update.win32_1.0.0.201904181610/tools/bin/../lib/gcc/arm-none-eabi/7.3.1/thumb/v7-m/crtbegin.o
                0x00000000080024a0                PROVIDE (__init_array_end = .)
                0x00000000080024a0                . = ALIGN (0x4)

.fini_array     0x00000000080024a0        0x4
                0x00000000080024a0                . = ALIGN (0x4)
                [!provide]                        PROVIDE (__fini_array_start = .)
 *(SORT_BY_NAME(.fini_array.*))
 *(.fini_array*)
 .fini_array    0x00000000080024a0        0x4 c:/st/stm32cubeide_1.3.0/stm32cubeide/plugins/com.st.stm32cube.ide.mcu.externaltools.gnu-tools-for-stm32.7-2018-q2-update.win32_1.0.0.201904181610/tools/bin/../lib/gcc/arm-none-eabi/7.3.1/thumb/v7-m/crtbegin.o
                [!provide]                        PROVIDE (__fini_array_end = .)
                0x00000000080024a4                . = ALIGN (0x4)
                0x00000000080024a4                _sidata = LOADADDR (.data)

.data           0x0000000020000000        0xc load address 0x00000000080024a4
                0x0000000020000000                . = ALIGN (0x4)
                0x0000000020000000                _sdata = .
 *(.data)
 *(.data*)
 .data.SystemCoreClock
                0x0000000020000000        0x4 Core/Src/system_stm32f1xx.o
                0x0000000020000000                SystemCoreClock
 .data.uwTickPrio
                0x0000000020000004        0x4 Drivers/STM32F1xx_HAL_Driver/Src/stm32f1xx_hal.o
                0x0000000020000004                uwTickPrio
 .data.uwTickFreq
                0x0000000020000008        0x1 Drivers/STM32F1xx_HAL_Driver/Src/stm32f1xx_hal.o
                0x0000000020000008                uwTickFreq
                0x000000002000000c                . = ALIGN (0x4)
 *fill*         0x0000000020000009        0x3 
                0x000000002000000c                _edata = .

.igot.plt       0x000000002000000c        0x0 load address 0x00000000080024b0
 .igot.plt      0x000000002000000c        0x0 c:/st/stm32cubeide_1.3.0/stm32cubeide/plugins/com.st.stm32cube.ide.mcu.externaltools.gnu-tools-for-stm32.7-2018-q2-update.win32_1.0.0.201904181610/tools/bin/../lib/gcc/arm-none-eabi/7.3.1/thumb/v7-m/crtbegin.o
                0x000000002000000c                . = ALIGN (0x4)

.bss            0x000000002000000c      0x14c load address 0x00000000080024b0
                0x000000002000000c                _sbss = .
                0x000000002000000c                __bss_start__ = _sbss
 *(.bss)
 .bss           0x000000002000000c       0x1c c:/st/stm32cubeide_1.3.0/stm32cubeide/plugins/com.st.stm32cube.ide.mcu.externaltools.gnu-tools-for-stm32.7-2018-q2-update.win32_1.0.0.201904181610/tools/bin/../lib/gcc/arm-none-eabi/7.3.1/thumb/v7-m/crtbegin.o
 *(.bss*)
 *(COMMON)
 COMMON         0x0000000020000028      0x12c Core/Src/main.o
                0x0000000020000028                hcan
                0x0000000020000050                htim3
                0x0000000020000090                htim1
                0x00000000200000d0                hdma_memtomem_dma1_channel1
                0x0000000020000114                htim2
 COMMON         0x0000000020000154        0x4 Drivers/STM32F1xx_HAL_Driver/Src/stm32f1xx_hal.o
                0x0000000020000154                uwTick
                0x0000000020000158                . = ALIGN (0x4)
                0x0000000020000158                _ebss = .
                0x0000000020000158                __bss_end__ = _ebss

._user_heap_stack
                0x0000000020000158      0x600 load address 0x00000000080024b0
                0x0000000020000158                . = ALIGN (0x8)
                0x0000000020000158                PROVIDE (end = .)
                [!provide]                        PROVIDE (_end = .)
                0x0000000020000358                . = (. + _Min_Heap_Size)
 *fill*         0x0000000020000158      0x200 
                0x0000000020000758                . = (. + _Min_Stack_Size)
 *fill*         0x0000000020000358      0x400 
                0x0000000020000758                . = ALIGN (0x8)

/DISCARD/
 libc.a(*)
 libm.a(*)
 libgcc.a(*)

.ARM.attributes
                0x0000000000000000       0x29
 *(.ARM.attributes)
 .ARM.attributes
                0x0000000000000000       0x1d c:/st/stm32cubeide_1.3.0/stm32cubeide/plugins/com.st.stm32cube.ide.mcu.externaltools.gnu-tools-for-stm32.7-2018-q2-update.win32_1.0.0.201904181610/tools/bin/../lib/gcc/arm-none-eabi/7.3.1/thumb/v7-m/crti.o
 .ARM.attributes
                0x000000000000001d       0x2d c:/st/stm32cubeide_1.3.0/stm32cubeide/plugins/com.st.stm32cube.ide.mcu.externaltools.gnu-tools-for-stm32.7-2018-q2-update.win32_1.0.0.201904181610/tools/bin/../lib/gcc/arm-none-eabi/7.3.1/thumb/v7-m/crtbegin.o
 .ARM.attributes
                0x000000000000004a       0x33 Core/Src/main.o
 .ARM.attributes
                0x000000000000007d       0x33 Core/Src/stm32f1xx_hal_msp.o
 .ARM.attributes
                0x00000000000000b0       0x33 Core/Src/stm32f1xx_it.o
 .ARM.attributes
                0x00000000000000e3       0x33 Core/Src/system_stm32f1xx.o
 .ARM.attributes
                0x0000000000000116       0x21 Core/Startup/startup_stm32f103rbtx.o
 .ARM.attributes
                0x0000000000000137       0x33 Drivers/STM32F1xx_HAL_Driver/Src/stm32f1xx_hal.o
 .ARM.attributes
                0x000000000000016a       0x33 Drivers/STM32F1xx_HAL_Driver/Src/stm32f1xx_hal_can.o
 .ARM.attributes
                0x000000000000019d       0x33 Drivers/STM32F1xx_HAL_Driver/Src/stm32f1xx_hal_cortex.o
 .ARM.attributes
                0x00000000000001d0       0x33 Drivers/STM32F1xx_HAL_Driver/Src/stm32f1xx_hal_dma.o
 .ARM.attributes
                0x0000000000000203       0x33 Drivers/STM32F1xx_HAL_Driver/Src/stm32f1xx_hal_gpio.o
 .ARM.attributes
                0x0000000000000236       0x33 Drivers/STM32F1xx_HAL_Driver/Src/stm32f1xx_hal_rcc.o
 .ARM.attributes
                0x0000000000000269       0x33 Drivers/STM32F1xx_HAL_Driver/Src/stm32f1xx_hal_tim.o
 .ARM.attributes
                0x000000000000029c       0x33 Drivers/STM32F1xx_HAL_Driver/Src/stm32f1xx_hal_tim_ex.o
 .ARM.attributes
                0x00000000000002cf       0x2d c:/st/stm32cubeide_1.3.0/stm32cubeide/plugins/com.st.stm32cube.ide.mcu.externaltools.gnu-tools-for-stm32.7-2018-q2-update.win32_1.0.0.201904181610/tools/bin/../lib/gcc/arm-none-eabi/7.3.1/../../../../arm-none-eabi/lib/thumb/v7-m\libc_nano.a(lib_a-init.o)
 .ARM.attributes
                0x00000000000002fc       0x2d c:/st/stm32cubeide_1.3.0/stm32cubeide/plugins/com.st.stm32cube.ide.mcu.externaltools.gnu-tools-for-stm32.7-2018-q2-update.win32_1.0.0.201904181610/tools/bin/../lib/gcc/arm-none-eabi/7.3.1/../../../../arm-none-eabi/lib/thumb/v7-m\libc_nano.a(lib_a-memset.o)
 .ARM.attributes
                0x0000000000000329       0x1d c:/st/stm32cubeide_1.3.0/stm32cubeide/plugins/com.st.stm32cube.ide.mcu.externaltools.gnu-tools-for-stm32.7-2018-q2-update.win32_1.0.0.201904181610/tools/bin/../lib/gcc/arm-none-eabi/7.3.1/thumb/v7-m/crtn.o
OUTPUT(TDB.elf elf32-littlearm)

.debug_info     0x0000000000000000     0x9038
 .debug_info    0x0000000000000000      0xf0e Core/Src/main.o
 .debug_info    0x0000000000000f0e      0xd80 Core/Src/stm32f1xx_hal_msp.o
 .debug_info    0x0000000000001c8e      0x1fa Core/Src/stm32f1xx_it.o
 .debug_info    0x0000000000001e88      0x433 Core/Src/system_stm32f1xx.o
 .debug_info    0x00000000000022bb       0x22 Core/Startup/startup_stm32f103rbtx.o
 .debug_info    0x00000000000022dd      0x6fe Drivers/STM32F1xx_HAL_Driver/Src/stm32f1xx_hal.o
 .debug_info    0x00000000000029db      0xf92 Drivers/STM32F1xx_HAL_Driver/Src/stm32f1xx_hal_can.o
 .debug_info    0x000000000000396d      0xb46 Drivers/STM32F1xx_HAL_Driver/Src/stm32f1xx_hal_cortex.o
 .debug_info    0x00000000000044b3      0x7a6 Drivers/STM32F1xx_HAL_Driver/Src/stm32f1xx_hal_dma.o
 .debug_info    0x0000000000004c59      0x681 Drivers/STM32F1xx_HAL_Driver/Src/stm32f1xx_hal_gpio.o
 .debug_info    0x00000000000052da      0x804 Drivers/STM32F1xx_HAL_Driver/Src/stm32f1xx_hal_rcc.o
 .debug_info    0x0000000000005ade     0x2456 Drivers/STM32F1xx_HAL_Driver/Src/stm32f1xx_hal_tim.o
 .debug_info    0x0000000000007f34     0x1104 Drivers/STM32F1xx_HAL_Driver/Src/stm32f1xx_hal_tim_ex.o

.debug_abbrev   0x0000000000000000     0x175e
 .debug_abbrev  0x0000000000000000      0x248 Core/Src/main.o
 .debug_abbrev  0x0000000000000248      0x200 Core/Src/stm32f1xx_hal_msp.o
 .debug_abbrev  0x0000000000000448       0xc6 Core/Src/stm32f1xx_it.o
 .debug_abbrev  0x000000000000050e      0x134 Core/Src/system_stm32f1xx.o
 .debug_abbrev  0x0000000000000642       0x12 Core/Startup/startup_stm32f103rbtx.o
 .debug_abbrev  0x0000000000000654      0x1d8 Drivers/STM32F1xx_HAL_Driver/Src/stm32f1xx_hal.o
 .debug_abbrev  0x000000000000082c      0x20e Drivers/STM32F1xx_HAL_Driver/Src/stm32f1xx_hal_can.o
 .debug_abbrev  0x0000000000000a3a      0x2d5 Drivers/STM32F1xx_HAL_Driver/Src/stm32f1xx_hal_cortex.o
 .debug_abbrev  0x0000000000000d0f      0x1fe Drivers/STM32F1xx_HAL_Driver/Src/stm32f1xx_hal_dma.o
 .debug_abbrev  0x0000000000000f0d      0x1c0 Drivers/STM32F1xx_HAL_Driver/Src/stm32f1xx_hal_gpio.o
 .debug_abbrev  0x00000000000010cd      0x243 Drivers/STM32F1xx_HAL_Driver/Src/stm32f1xx_hal_rcc.o
 .debug_abbrev  0x0000000000001310      0x230 Drivers/STM32F1xx_HAL_Driver/Src/stm32f1xx_hal_tim.o
 .debug_abbrev  0x0000000000001540      0x21e Drivers/STM32F1xx_HAL_Driver/Src/stm32f1xx_hal_tim_ex.o

.debug_aranges  0x0000000000000000      0xad0
 .debug_aranges
                0x0000000000000000       0x60 Core/Src/main.o
 .debug_aranges
                0x0000000000000060       0x48 Core/Src/stm32f1xx_hal_msp.o
 .debug_aranges
                0x00000000000000a8       0x60 Core/Src/stm32f1xx_it.o
 .debug_aranges
                0x0000000000000108       0x28 Core/Src/system_stm32f1xx.o
 .debug_aranges
                0x0000000000000130       0x28 Core/Startup/startup_stm32f103rbtx.o
 .debug_aranges
                0x0000000000000158       0xe0 Drivers/STM32F1xx_HAL_Driver/Src/stm32f1xx_hal.o
 .debug_aranges
                0x0000000000000238      0x138 Drivers/STM32F1xx_HAL_Driver/Src/stm32f1xx_hal_can.o
 .debug_aranges
                0x0000000000000370      0x100 Drivers/STM32F1xx_HAL_Driver/Src/stm32f1xx_hal_cortex.o
 .debug_aranges
                0x0000000000000470       0x80 Drivers/STM32F1xx_HAL_Driver/Src/stm32f1xx_hal_dma.o
 .debug_aranges
                0x00000000000004f0       0x58 Drivers/STM32F1xx_HAL_Driver/Src/stm32f1xx_hal_gpio.o
 .debug_aranges
                0x0000000000000548       0x90 Drivers/STM32F1xx_HAL_Driver/Src/stm32f1xx_hal_rcc.o
 .debug_aranges
                0x00000000000005d8      0x3a8 Drivers/STM32F1xx_HAL_Driver/Src/stm32f1xx_hal_tim.o
 .debug_aranges
                0x0000000000000980      0x150 Drivers/STM32F1xx_HAL_Driver/Src/stm32f1xx_hal_tim_ex.o

.debug_ranges   0x0000000000000000      0xa08
 .debug_ranges  0x0000000000000000       0x50 Core/Src/main.o
 .debug_ranges  0x0000000000000050       0x38 Core/Src/stm32f1xx_hal_msp.o
 .debug_ranges  0x0000000000000088       0x50 Core/Src/stm32f1xx_it.o
 .debug_ranges  0x00000000000000d8       0x18 Core/Src/system_stm32f1xx.o
 .debug_ranges  0x00000000000000f0       0x20 Core/Startup/startup_stm32f103rbtx.o
 .debug_ranges  0x0000000000000110       0xd0 Drivers/STM32F1xx_HAL_Driver/Src/stm32f1xx_hal.o
 .debug_ranges  0x00000000000001e0      0x128 Drivers/STM32F1xx_HAL_Driver/Src/stm32f1xx_hal_can.o
 .debug_ranges  0x0000000000000308       0xf0 Drivers/STM32F1xx_HAL_Driver/Src/stm32f1xx_hal_cortex.o
 .debug_ranges  0x00000000000003f8       0x70 Drivers/STM32F1xx_HAL_Driver/Src/stm32f1xx_hal_dma.o
 .debug_ranges  0x0000000000000468       0x48 Drivers/STM32F1xx_HAL_Driver/Src/stm32f1xx_hal_gpio.o
 .debug_ranges  0x00000000000004b0       0x80 Drivers/STM32F1xx_HAL_Driver/Src/stm32f1xx_hal_rcc.o
 .debug_ranges  0x0000000000000530      0x398 Drivers/STM32F1xx_HAL_Driver/Src/stm32f1xx_hal_tim.o
 .debug_ranges  0x00000000000008c8      0x140 Drivers/STM32F1xx_HAL_Driver/Src/stm32f1xx_hal_tim_ex.o

.debug_macro    0x0000000000000000    0x13850
 .debug_macro   0x0000000000000000      0x1a9 Core/Src/main.o
 .debug_macro   0x00000000000001a9      0xa5a Core/Src/main.o
 .debug_macro   0x0000000000000c03      0x221 Core/Src/main.o
 .debug_macro   0x0000000000000e24       0x2e Core/Src/main.o
 .debug_macro   0x0000000000000e52       0x22 Core/Src/main.o
 .debug_macro   0x0000000000000e74       0x22 Core/Src/main.o
 .debug_macro   0x0000000000000e96       0x8e Core/Src/main.o
 .debug_macro   0x0000000000000f24       0x51 Core/Src/main.o
 .debug_macro   0x0000000000000f75       0xef Core/Src/main.o
 .debug_macro   0x0000000000001064       0x6a Core/Src/main.o
 .debug_macro   0x00000000000010ce      0x1df Core/Src/main.o
 .debug_macro   0x00000000000012ad       0x1c Core/Src/main.o
 .debug_macro   0x00000000000012c9       0x22 Core/Src/main.o
 .debug_macro   0x00000000000012eb       0xc3 Core/Src/main.o
 .debug_macro   0x00000000000013ae      0xd23 Core/Src/main.o
 .debug_macro   0x00000000000020d1     0xe09e Core/Src/main.o
 .debug_macro   0x000000000001016f       0x43 Core/Src/main.o
 .debug_macro   0x00000000000101b2      0x174 Core/Src/main.o
 .debug_macro   0x0000000000010326       0x5a Core/Src/main.o
 .debug_macro   0x0000000000010380      0x5be Core/Src/main.o
 .debug_macro   0x000000000001093e      0x289 Core/Src/main.o
 .debug_macro   0x0000000000010bc7      0x1cb Core/Src/main.o
 .debug_macro   0x0000000000010d92      0x114 Core/Src/main.o
 .debug_macro   0x0000000000010ea6      0x1b2 Core/Src/main.o
 .debug_macro   0x0000000000011058       0x27 Core/Src/main.o
 .debug_macro   0x000000000001107f      0x136 Core/Src/main.o
 .debug_macro   0x00000000000111b5      0x1bc Core/Src/main.o
 .debug_macro   0x0000000000011371       0x34 Core/Src/main.o
 .debug_macro   0x00000000000113a5       0x3c Core/Src/main.o
 .debug_macro   0x00000000000113e1      0x408 Core/Src/main.o
 .debug_macro   0x00000000000117e9       0x57 Core/Src/main.o
 .debug_macro   0x0000000000011840       0x88 Core/Src/main.o
 .debug_macro   0x00000000000118c8      0x241 Core/Src/main.o
 .debug_macro   0x0000000000011b09      0x141 Core/Src/main.o
 .debug_macro   0x0000000000011c4a      0x88b Core/Src/main.o
 .debug_macro   0x00000000000124d5       0x83 Core/Src/main.o
 .debug_macro   0x0000000000012558       0x82 Core/Src/main.o
 .debug_macro   0x00000000000125da      0x1a9 Core/Src/stm32f1xx_hal_msp.o
 .debug_macro   0x0000000000012783      0x1b3 Core/Src/stm32f1xx_it.o
 .debug_macro   0x0000000000012936      0x1a0 Core/Src/system_stm32f1xx.o
 .debug_macro   0x0000000000012ad6      0x1be Drivers/STM32F1xx_HAL_Driver/Src/stm32f1xx_hal.o
 .debug_macro   0x0000000000012c94      0x1a2 Drivers/STM32F1xx_HAL_Driver/Src/stm32f1xx_hal_can.o
 .debug_macro   0x0000000000012e36      0x19a Drivers/STM32F1xx_HAL_Driver/Src/stm32f1xx_hal_cortex.o
 .debug_macro   0x0000000000012fd0      0x19a Drivers/STM32F1xx_HAL_Driver/Src/stm32f1xx_hal_dma.o
 .debug_macro   0x000000000001316a      0x205 Drivers/STM32F1xx_HAL_Driver/Src/stm32f1xx_hal_gpio.o
 .debug_macro   0x000000000001336f      0x1ac Drivers/STM32F1xx_HAL_Driver/Src/stm32f1xx_hal_rcc.o
 .debug_macro   0x000000000001351b      0x19b Drivers/STM32F1xx_HAL_Driver/Src/stm32f1xx_hal_tim.o
 .debug_macro   0x00000000000136b6      0x19a Drivers/STM32F1xx_HAL_Driver/Src/stm32f1xx_hal_tim_ex.o

.debug_line     0x0000000000000000     0x75fc
 .debug_line    0x0000000000000000      0x749 Core/Src/main.o
 .debug_line    0x0000000000000749      0x6d5 Core/Src/stm32f1xx_hal_msp.o
 .debug_line    0x0000000000000e1e      0x6d9 Core/Src/stm32f1xx_it.o
 .debug_line    0x00000000000014f7      0x666 Core/Src/system_stm32f1xx.o
 .debug_line    0x0000000000001b5d       0x84 Core/Startup/startup_stm32f103rbtx.o
 .debug_line    0x0000000000001be1      0x80e Drivers/STM32F1xx_HAL_Driver/Src/stm32f1xx_hal.o
 .debug_line    0x00000000000023ef      0xade Drivers/STM32F1xx_HAL_Driver/Src/stm32f1xx_hal_can.o
 .debug_line    0x0000000000002ecd      0x8e7 Drivers/STM32F1xx_HAL_Driver/Src/stm32f1xx_hal_cortex.o
 .debug_line    0x00000000000037b4      0xa75 Drivers/STM32F1xx_HAL_Driver/Src/stm32f1xx_hal_dma.o
 .debug_line    0x0000000000004229      0x80e Drivers/STM32F1xx_HAL_Driver/Src/stm32f1xx_hal_gpio.o
 .debug_line    0x0000000000004a37      0x8d0 Drivers/STM32F1xx_HAL_Driver/Src/stm32f1xx_hal_rcc.o
 .debug_line    0x0000000000005307     0x16d4 Drivers/STM32F1xx_HAL_Driver/Src/stm32f1xx_hal_tim.o
 .debug_line    0x00000000000069db      0xc21 Drivers/STM32F1xx_HAL_Driver/Src/stm32f1xx_hal_tim_ex.o

.debug_str      0x0000000000000000    0x6e2c4
 .debug_str     0x0000000000000000    0x6b7ed Core/Src/main.o
                                      0x6bb06 (size before relaxing)
 .debug_str     0x000000000006b7ed       0xc1 Core/Src/stm32f1xx_hal_msp.o
                                      0x6b8b4 (size before relaxing)
 .debug_str     0x000000000006b8ae       0xbd Core/Src/stm32f1xx_it.o
                                      0x6b1ef (size before relaxing)
 .debug_str     0x000000000006b96b       0xc2 Core/Src/system_stm32f1xx.o
                                      0x6afdf (size before relaxing)
 .debug_str     0x000000000006ba2d       0x36 Core/Startup/startup_stm32f103rbtx.o
                                         0x7d (size before relaxing)
 .debug_str     0x000000000006ba63      0x629 Drivers/STM32F1xx_HAL_Driver/Src/stm32f1xx_hal.o
                                      0x6b5f0 (size before relaxing)
 .debug_str     0x000000000006c08c      0x588 Drivers/STM32F1xx_HAL_Driver/Src/stm32f1xx_hal_can.o
                                      0x6b785 (size before relaxing)
 .debug_str     0x000000000006c614      0x2a0 Drivers/STM32F1xx_HAL_Driver/Src/stm32f1xx_hal_cortex.o
                                      0x6b5fe (size before relaxing)
 .debug_str     0x000000000006c8b4      0x23d Drivers/STM32F1xx_HAL_Driver/Src/stm32f1xx_hal_dma.o
                                      0x6b340 (size before relaxing)
 .debug_str     0x000000000006caf1      0x31f Drivers/STM32F1xx_HAL_Driver/Src/stm32f1xx_hal_gpio.o
                                      0x6b329 (size before relaxing)
 .debug_str     0x000000000006ce10      0x263 Drivers/STM32F1xx_HAL_Driver/Src/stm32f1xx_hal_rcc.o
                                      0x6b362 (size before relaxing)
 .debug_str     0x000000000006d073      0xd22 Drivers/STM32F1xx_HAL_Driver/Src/stm32f1xx_hal_tim.o
                                      0x6c12d (size before relaxing)
 .debug_str     0x000000000006dd95      0x52f Drivers/STM32F1xx_HAL_Driver/Src/stm32f1xx_hal_tim_ex.o
                                      0x6b92d (size before relaxing)

.comment        0x0000000000000000       0x7b
 .comment       0x0000000000000000       0x7b Core/Src/main.o
                                         0x7c (size before relaxing)
 .comment       0x000000000000007b       0x7c Core/Src/stm32f1xx_hal_msp.o
 .comment       0x000000000000007b       0x7c Core/Src/stm32f1xx_it.o
 .comment       0x000000000000007b       0x7c Core/Src/system_stm32f1xx.o
 .comment       0x000000000000007b       0x7c Drivers/STM32F1xx_HAL_Driver/Src/stm32f1xx_hal.o
 .comment       0x000000000000007b       0x7c Drivers/STM32F1xx_HAL_Driver/Src/stm32f1xx_hal_can.o
 .comment       0x000000000000007b       0x7c Drivers/STM32F1xx_HAL_Driver/Src/stm32f1xx_hal_cortex.o
 .comment       0x000000000000007b       0x7c Drivers/STM32F1xx_HAL_Driver/Src/stm32f1xx_hal_dma.o
 .comment       0x000000000000007b       0x7c Drivers/STM32F1xx_HAL_Driver/Src/stm32f1xx_hal_gpio.o
 .comment       0x000000000000007b       0x7c Drivers/STM32F1xx_HAL_Driver/Src/stm32f1xx_hal_rcc.o
 .comment       0x000000000000007b       0x7c Drivers/STM32F1xx_HAL_Driver/Src/stm32f1xx_hal_tim.o
 .comment       0x000000000000007b       0x7c Drivers/STM32F1xx_HAL_Driver/Src/stm32f1xx_hal_tim_ex.o

.debug_frame    0x0000000000000000     0x2cf0
 .debug_frame   0x0000000000000000      0x140 Core/Src/main.o
 .debug_frame   0x0000000000000140       0xec Core/Src/stm32f1xx_hal_msp.o
 .debug_frame   0x000000000000022c      0x10c Core/Src/stm32f1xx_it.o
 .debug_frame   0x0000000000000338       0x58 Core/Src/system_stm32f1xx.o
 .debug_frame   0x0000000000000390      0x334 Drivers/STM32F1xx_HAL_Driver/Src/stm32f1xx_hal.o
 .debug_frame   0x00000000000006c4      0x5a0 Drivers/STM32F1xx_HAL_Driver/Src/stm32f1xx_hal_can.o
 .debug_frame   0x0000000000000c64      0x428 Drivers/STM32F1xx_HAL_Driver/Src/stm32f1xx_hal_cortex.o
 .debug_frame   0x000000000000108c      0x208 Drivers/STM32F1xx_HAL_Driver/Src/stm32f1xx_hal_dma.o
 .debug_frame   0x0000000000001294      0x14c Drivers/STM32F1xx_HAL_Driver/Src/stm32f1xx_hal_gpio.o
 .debug_frame   0x00000000000013e0      0x21c Drivers/STM32F1xx_HAL_Driver/Src/stm32f1xx_hal_rcc.o
 .debug_frame   0x00000000000015fc     0x10e8 Drivers/STM32F1xx_HAL_Driver/Src/stm32f1xx_hal_tim.o
 .debug_frame   0x00000000000026e4      0x5c0 Drivers/STM32F1xx_HAL_Driver/Src/stm32f1xx_hal_tim_ex.o
 .debug_frame   0x0000000000002ca4       0x2c c:/st/stm32cubeide_1.3.0/stm32cubeide/plugins/com.st.stm32cube.ide.mcu.externaltools.gnu-tools-for-stm32.7-2018-q2-update.win32_1.0.0.201904181610/tools/bin/../lib/gcc/arm-none-eabi/7.3.1/../../../../arm-none-eabi/lib/thumb/v7-m\libc_nano.a(lib_a-init.o)
 .debug_frame   0x0000000000002cd0       0x20 c:/st/stm32cubeide_1.3.0/stm32cubeide/plugins/com.st.stm32cube.ide.mcu.externaltools.gnu-tools-for-stm32.7-2018-q2-update.win32_1.0.0.201904181610/tools/bin/../lib/gcc/arm-none-eabi/7.3.1/../../../../arm-none-eabi/lib/thumb/v7-m\libc_nano.a(lib_a-memset.o)
