22:01:19 **** Incremental Build of configuration Debug for project TDB ****
make -j4 all 
arm-none-eabi-size   TDB.elf 
   text	   data	    bss	    dec	    hex	filename
   8808	     20	   1804	  10632	   2988	TDB.elf
Finished building: default.size.stdout
 
22:01:23 **** Incremental Build of configuration Debug for project TDB ****
make -j4 all 
arm-none-eabi-size   TDB.elf 
   text	   data	    bss	    dec	    hex	filename
   8808	     20	   1804	  10632	   2988	TDB.elf
Finished building: default.size.stdout
 
